<?xml version="1.0" encoding="utf-8"?>
<TestRun id="6e2f9157-faef-44ec-b294-8b2319b83337" name="@pkrvmqc4gcfdwos 2025-08-25 12:05:42" xmlns="http://microsoft.com/schemas/VisualStudio/TeamTest/2010">
  <Times creation="2025-08-25T12:05:42.8107487+00:00" queuing="2025-08-25T12:05:42.8107488+00:00" start="2025-08-25T12:05:42.2420661+00:00" finish="2025-08-25T12:05:42.8162513+00:00" />
  <TestSettings name="default" id="ae3fab83-36e4-4ed4-b47e-a6f2c9358630">
    <Deployment runDeploymentRoot="_pkrvmqc4gcfdwos_2025-08-25_12_05_42" />
  </TestSettings>
  <Results>
    <UnitTestResult executionId="f3780c16-b978-4758-a7c3-912034791af8" testId="98bfafe3-2443-202d-87a1-9d2c658ab147" testName="TestNoEmptyArrays" computerName="pkrvmqc4gcfdwos" duration="00:00:00.0104045" startTime="2025-08-25T12:05:42.6569017+00:00" endTime="2025-08-25T12:05:42.6821388+00:00" testType="13cdc9d9-ddb5-4fa4-a97d-d965ccfc6d4b" outcome="Passed" testListId="8c84fa94-04c1-424b-9868-57a2d4851a1d" relativeResultsDirectory="f3780c16-b978-4758-a7c3-912034791af8" />
    <UnitTestResult executionId="a42a62cc-e8d4-48f5-b227-de8b4bfb94cf" testId="f271161e-315a-b78c-a2e8-d1fc41692774" testName="TestMultipleFileExtensionsForOneMediaType" computerName="pkrvmqc4gcfdwos" duration="00:00:00.0110478" startTime="2025-08-25T12:05:42.6859596+00:00" endTime="2025-08-25T12:05:42.6986557+00:00" testType="13cdc9d9-ddb5-4fa4-a97d-d965ccfc6d4b" outcome="Passed" testListId="8c84fa94-04c1-424b-9868-57a2d4851a1d" relativeResultsDirectory="a42a62cc-e8d4-48f5-b227-de8b4bfb94cf" />
  </Results>
  <TestDefinitions>
    <UnitTest name="TestNoEmptyArrays" storage="/home/runner/work/dotnet-monorepo/dotnet-monorepo/src/artifacts/bin/mediatypes.tests/release_linux-x64/mediatypes.tests.dll" id="98bfafe3-2443-202d-87a1-9d2c658ab147">
      <Execution id="f3780c16-b978-4758-a7c3-912034791af8" />
      <TestMethod codeBase="/home/runner/work/dotnet-monorepo/dotnet-monorepo/src/artifacts/bin/MediaTypes.Tests/release_linux-x64/MediaTypes.Tests.dll" adapterTypeName="executor://mstestadapter/v2" className="MediaTypes.Tests.MediaTypeFileExtensionsMappingTests" name="TestNoEmptyArrays" />
    </UnitTest>
    <UnitTest name="TestMultipleFileExtensionsForOneMediaType" storage="/home/runner/work/dotnet-monorepo/dotnet-monorepo/src/artifacts/bin/mediatypes.tests/release_linux-x64/mediatypes.tests.dll" id="f271161e-315a-b78c-a2e8-d1fc41692774">
      <Execution id="a42a62cc-e8d4-48f5-b227-de8b4bfb94cf" />
      <TestMethod codeBase="/home/runner/work/dotnet-monorepo/dotnet-monorepo/src/artifacts/bin/MediaTypes.Tests/release_linux-x64/MediaTypes.Tests.dll" adapterTypeName="executor://mstestadapter/v2" className="MediaTypes.Tests.MediaTypeFileExtensionsMappingTests" name="TestMultipleFileExtensionsForOneMediaType" />
    </UnitTest>
  </TestDefinitions>
  <TestEntries>
    <TestEntry testId="98bfafe3-2443-202d-87a1-9d2c658ab147" executionId="f3780c16-b978-4758-a7c3-912034791af8" testListId="8c84fa94-04c1-424b-9868-57a2d4851a1d" />
    <TestEntry testId="f271161e-315a-b78c-a2e8-d1fc41692774" executionId="a42a62cc-e8d4-48f5-b227-de8b4bfb94cf" testListId="8c84fa94-04c1-424b-9868-57a2d4851a1d" />
  </TestEntries>
  <TestLists>
    <TestList name="Results Not in a List" id="8c84fa94-04c1-424b-9868-57a2d4851a1d" />
    <TestList name="All Loaded Results" id="19431567-8539-422a-85d7-44ee4e166bda" />
  </TestLists>
  <ResultSummary outcome="Completed">
    <Counters total="2" executed="2" passed="2" failed="0" error="0" timeout="0" aborted="0" inconclusive="0" passedButRunAborted="0" notRunnable="0" notExecuted="0" disconnected="0" warning="0" completed="0" inProgress="0" pending="0" />
  </ResultSummary>
</TestRun>