<?xml version="1.0" encoding="utf-8"?>
<TestRun id="ba0171a3-e10e-4eda-bc05-d78b0b3d85df" name="@pkrvmqc4gcfdwos 2025-08-25 12:06:10" xmlns="http://microsoft.com/schemas/VisualStudio/TeamTest/2010">
  <Times creation="2025-08-25T12:06:10.4737012+00:00" queuing="2025-08-25T12:06:10.4737013+00:00" start="2025-08-25T12:06:10.0284350+00:00" finish="2025-08-25T12:06:10.4741612+00:00" />
  <TestSettings name="default" id="50b1ac82-2ac1-48ff-aa28-8ee2076a732c">
    <Deployment runDeploymentRoot="_pkrvmqc4gcfdwos_2025-08-25_12_06_10" />
  </TestSettings>
  <TestLists>
    <TestList name="Results Not in a List" id="8c84fa94-04c1-424b-9868-57a2d4851a1d" />
    <TestList name="All Loaded Results" id="19431567-8539-422a-85d7-44ee4e166bda" />
  </TestLists>
  <ResultSummary outcome="Completed">
    <Counters total="0" executed="0" passed="0" failed="0" error="0" timeout="0" aborted="0" inconclusive="0" passedButRunAborted="0" notRunnable="0" notExecuted="0" disconnected="0" warning="0" completed="0" inProgress="0" pending="0" />
    <RunInfos>
      <RunInfo computerName="pkrvmqc4gcfdwos" outcome="Warning" timestamp="2025-08-25T12:06:10.4182717+00:00">
        <Text>No test is available in /home/runner/work/dotnet-monorepo/dotnet-monorepo/src/artifacts/bin/umm.Vendors.Epub.Tests/release_linux-x64/umm.Vendors.Epub.Tests.dll. Make sure that test discoverer &amp; executors are registered and platform &amp; framework version settings are appropriate and try again.</Text>
      </RunInfo>
    </RunInfos>
  </ResultSummary>
</TestRun>